[debug] [2026-10-06T22:31:11.333Z] ----------------------------------------------------------------------
[debug] [2026-10-06T22:31:11.336Z] Command:       C:\Program Files\nodejs\node.exe C:\Users\armof\AppData\Roaming\npm\node_modules\firebase-tools\lib\bin\firebase.js functions:list --project speaksharp-3893c
[debug] [2026-10-06T22:31:11.336Z] CLI Version:   15.32.0
[debug] [2026-10-06T22:31:11.336Z] Platform:      win32
[debug] [2026-10-06T22:31:11.336Z] Node Version:  v22.16.0
[debug] [2026-10-06T22:31:11.337Z] Detected Agent: codex_cli
[debug] [2026-10-06T22:31:11.337Z] Time:          Wed Oct 07 2026 00:31:11 GMT+0200 (South Africa Standard Time)
[debug] [2026-10-06T22:31:11.337Z] ----------------------------------------------------------------------
[debug] 
[debug] [2026-10-06T22:31:11.930Z] > command requires scopes: ["email","openid","https://www.googleapis.com/auth/cloudplatformprojects.readonly","https://www.googleapis.com/auth/firebase","https://www.googleapis.com/auth/cloud-platform"]
[debug] [2026-10-06T22:31:11.931Z] > authorizing via signed-in user (armoftk@gmail.com)
[debug] [2026-10-06T22:31:11.931Z] [iam] checking project speaksharp-3893c for permissions ["cloudfunctions.functions.list","firebase.projects.get","run.services.list"]
[debug] [2026-10-06T22:31:11.943Z] Checked if tokens are valid: false, expires at: 1791306299209
[debug] [2026-10-06T22:31:11.943Z] Checked if tokens are valid: false, expires at: 1791306299209
[debug] [2026-10-06T22:31:11.943Z] > refreshing access token with scopes: []
[debug] [2026-10-06T22:31:11.947Z] >>> [apiv2][query] POST https://www.googleapis.com/oauth2/v3/token [none]
[debug] [2026-10-06T22:31:11.948Z] >>> [apiv2][body] POST https://www.googleapis.com/oauth2/v3/token [omitted]
[debug] [2026-10-06T22:31:12.675Z] <<< [apiv2][status] POST https://www.googleapis.com/oauth2/v3/token 200
[debug] [2026-10-06T22:31:12.676Z] <<< [apiv2][body] POST https://www.googleapis.com/oauth2/v3/token [omitted]
[debug] [2026-10-06T22:31:12.691Z] >>> [apiv2][query] POST https://cloudresourcemanager.googleapis.com/v1/projects/speaksharp-3893c:testIamPermissions [none]
[debug] [2026-10-06T22:31:12.691Z] >>> [apiv2][(partial)header] POST https://cloudresourcemanager.googleapis.com/v1/projects/speaksharp-3893c:testIamPermissions  x-goog-user-project=speaksharp-3893c
[debug] [2026-10-06T22:31:12.691Z] >>> [apiv2][body] POST https://cloudresourcemanager.googleapis.com/v1/projects/speaksharp-3893c:testIamPermissions {"permissions":["cloudfunctions.functions.list","firebase.projects.get","run.services.list"]}
[debug] [2026-10-06T22:31:14.600Z] <<< [apiv2][status] POST https://cloudresourcemanager.googleapis.com/v1/projects/speaksharp-3893c:testIamPermissions 200
[debug] [2026-10-06T22:31:14.600Z] <<< [apiv2][body] POST https://cloudresourcemanager.googleapis.com/v1/projects/speaksharp-3893c:testIamPermissions {"permissions":["cloudfunctions.functions.list","firebase.projects.get","run.services.list"]}
[debug] [2026-10-06T22:31:14.601Z] Checked if tokens are valid: true, expires at: 1791329471676
[debug] [2026-10-06T22:31:14.601Z] Checked if tokens are valid: true, expires at: 1791329471676
[debug] [2026-10-06T22:31:14.601Z] >>> [apiv2][query] GET https://cloudfunctions.googleapis.com/v1/projects/speaksharp-3893c/locations/-/functions [none]
[debug] [2026-10-06T22:31:15.791Z] <<< [apiv2][status] GET https://cloudfunctions.googleapis.com/v1/projects/speaksharp-3893c/locations/-/functions 200
[debug] [2026-10-06T22:31:15.792Z] <<< [apiv2][body] GET https://cloudfunctions.googleapis.com/v1/projects/speaksharp-3893c/locations/-/functions {}
[debug] [2026-10-06T22:31:15.792Z] Checked if tokens are valid: true, expires at: 1791329471676
[debug] [2026-10-06T22:31:15.792Z] Checked if tokens are valid: true, expires at: 1791329471676
[debug] [2026-10-06T22:31:15.793Z] >>> [apiv2][query] GET https://cloudfunctions.googleapis.com/v2/projects/speaksharp-3893c/locations/-/functions filter=environment%3D%22GEN_2%22
[debug] [2026-10-06T22:31:16.959Z] <<< [apiv2][status] GET https://cloudfunctions.googleapis.com/v2/projects/speaksharp-3893c/locations/-/functions 200
[debug] [2026-10-06T22:31:16.960Z] <<< [apiv2][body] GET https://cloudfunctions.googleapis.com/v2/projects/speaksharp-3893c/locations/-/functions {"functions":[{"name":"projects/speaksharp-3893c/locations/us-central1/functions/deleteSession","buildConfig":{"build":"projects/1024863582729/locations/us-central1/builds/4beede80-c228-4c71-a518-13833d78e4a4","runtime":"nodejs22","entryPoint":"deleteSession","source":{"storageSource":{"bucket":"gcf-v2-sources-1024863582729-us-central1","object":"deleteSession/function-source.zip","generation":"1791302724799902"}},"environmentVariables":{"GOOGLE_NODE_RUN_SCRIPTS":""},"dockerRepository":"projects/speaksharp-3893c/locations/us-central1/repositories/gcf-artifacts","sourceProvenance":{"resolvedStorageSource":{"bucket":"gcf-v2-sources-1024863582729-us-central1","object":"deleteSession/function-source.zip","generation":"1791302724799902"}},"dockerRegistry":"ARTIFACT_REGISTRY","serviceAccount":"projects/speaksharp-3893c/serviceAccounts/1024863582729-compute@developer.gserviceaccount.com","automaticUpdatePolicy":{}},"serviceConfig":{"service":"projects/speaksharp-3893c/locations/us-central1/services/deletesession","timeoutSeconds":120,"environmentVariables":{"FIREBASE_CONFIG":"{\"projectId\":\"speaksharp-3893c\",\"storageBucket\":\"speaksharp-3893c.firebasestorage.app\"}","GCLOUD_PROJECT":"speaksharp-3893c","EVENTARC_CLOUD_EVENT_SOURCE":"projects/speaksharp-3893c/locations/us-central1/services/deleteSession","FUNCTION_REGION":"us-central1","FUNCTION_TARGET":"deleteSession","LOG_EXECUTION_ID":"true"},"ingressSettings":"ALLOW_ALL","uri":"https://deletesession-4y3afqf33q-uc.a.run.app","serviceAccountEmail":"1024863582729-compute@developer.gserviceaccount.com","availableMemory":"256Mi","allTrafficOnLatestRevision":true,"revision":"deletesession-00001-ten","maxInstanceRequestConcurrency":80,"availableCpu":"1"},"state":"ACTIVE","updateTime":"2026-10-06T16:06:20.099938674Z","labels":{"deployment-tool":"cli-firebase","deployment-callable":"true","firebase-functions-hash":"8c1fed718cf4135fd30d47ca39a193351ea78f88"},"environment":"GEN_2","url":"https://us-central1-speaksharp-3893c.cloudfunctions.net/deleteSession","createTime":"2026-10-06T15:10:21.036813301Z","satisfiesPzi":true}]}
[info] ┌───────────────┬─────────┬──────────┬─────────────┬────────┬──────────┐
│ Function      │ Version │ Trigger  │ Location    │ Memory │ Runtime  │
├───────────────┼─────────┼──────────┼─────────────┼────────┼──────────┤
│ deleteSession │ v2      │ callable │ us-central1 │ 256    │ nodejs22 │
└───────────────┴─────────┴──────────┴─────────────┴────────┴──────────┘
[debug] [2026-10-06T22:34:57.029Z] ----------------------------------------------------------------------
[debug] [2026-10-06T22:34:57.033Z] Command:       C:\Program Files\nodejs\node.exe C:\Users\armof\AppData\Roaming\npm\node_modules\firebase-tools\lib\bin\firebase.js deploy --only functions:deleteSession --project speaksharp-3893c --non-interactive
[debug] [2026-10-06T22:34:57.033Z] CLI Version:   15.32.0
[debug] [2026-10-06T22:34:57.034Z] Platform:      win32
[debug] [2026-10-06T22:34:57.034Z] Node Version:  v22.16.0
[debug] [2026-10-06T22:34:57.034Z] Detected Agent: codex_cli
[debug] [2026-10-06T22:34:57.035Z] Time:          Wed Oct 07 2026 00:34:57 GMT+0200 (South Africa Standard Time)
[debug] [2026-10-06T22:34:57.035Z] ----------------------------------------------------------------------
[debug] 
[debug] [2026-10-06T22:35:21.826Z] > command requires scopes: ["email","openid","https://www.googleapis.com/auth/cloudplatformprojects.readonly","https://www.googleapis.com/auth/firebase","https://www.googleapis.com/auth/cloud-platform"]
[debug] [2026-10-06T22:35:21.826Z] > authorizing via signed-in user (armoftk@gmail.com)
[debug] [2026-10-06T22:35:21.827Z] [iam] checking project speaksharp-3893c for permissions ["cloudfunctions.functions.create","cloudfunctions.functions.delete","cloudfunctions.functions.get","cloudfunctions.functions.list","cloudfunctions.functions.update","cloudfunctions.operations.get","firebase.projects.get"]
[debug] [2026-10-06T22:35:21.843Z] Checked if tokens are valid: true, expires at: 1791329471676
[debug] [2026-10-06T22:35:21.843Z] Checked if tokens are valid: true, expires at: 1791329471676
[debug] [2026-10-06T22:35:21.845Z] >>> [apiv2][query] POST https://cloudresourcemanager.googleapis.com/v1/projects/speaksharp-3893c:testIamPermissions [none]
[debug] [2026-10-06T22:35:21.845Z] >>> [apiv2][(partial)header] POST https://cloudresourcemanager.googleapis.com/v1/projects/speaksharp-3893c:testIamPermissions  x-goog-user-project=speaksharp-3893c
[debug] [2026-10-06T22:35:21.846Z] >>> [apiv2][body] POST https://cloudresourcemanager.googleapis.com/v1/projects/speaksharp-3893c:testIamPermissions {"permissions":["cloudfunctions.functions.create","cloudfunctions.functions.delete","cloudfunctions.functions.get","cloudfunctions.functions.list","cloudfunctions.functions.update","cloudfunctions.operations.get","firebase.projects.get"]}
[debug] [2026-10-06T22:35:22.479Z] <<< [apiv2][status] POST https://cloudresourcemanager.googleapis.com/v1/projects/speaksharp-3893c:testIamPermissions 200
[debug] [2026-10-06T22:35:22.479Z] <<< [apiv2][body] POST https://cloudresourcemanager.googleapis.com/v1/projects/speaksharp-3893c:testIamPermissions {"permissions":["cloudfunctions.functions.create","cloudfunctions.functions.delete","cloudfunctions.functions.get","cloudfunctions.functions.list","cloudfunctions.functions.update","cloudfunctions.operations.get","firebase.projects.get"]}
[debug] [2026-10-06T22:35:22.479Z] Checked if tokens are valid: true, expires at: 1791329471676
[debug] [2026-10-06T22:35:22.480Z] Checked if tokens are valid: true, expires at: 1791329471676
[debug] [2026-10-06T22:35:22.480Z] >>> [apiv2][query] POST https://iam.googleapis.com/v1/projects/speaksharp-3893c/serviceAccounts/speaksharp-3893c@appspot.gserviceaccount.com:testIamPermissions [none]
[debug] [2026-10-06T22:35:22.480Z] >>> [apiv2][body] POST https://iam.googleapis.com/v1/projects/speaksharp-3893c/serviceAccounts/speaksharp-3893c@appspot.gserviceaccount.com:testIamPermissions {"permissions":["iam.serviceAccounts.actAs"]}
[debug] [2026-10-06T22:35:24.371Z] <<< [apiv2][status] POST https://iam.googleapis.com/v1/projects/speaksharp-3893c/serviceAccounts/speaksharp-3893c@appspot.gserviceaccount.com:testIamPermissions 200
[debug] [2026-10-06T22:35:24.371Z] <<< [apiv2][body] POST https://iam.googleapis.com/v1/projects/speaksharp-3893c/serviceAccounts/speaksharp-3893c@appspot.gserviceaccount.com:testIamPermissions {"permissions":["iam.serviceAccounts.actAs"]}
[info] 
[info] === Deploying to 'speaksharp-3893c'...
[info] 
[info] i  deploying functions 
[debug] [2026-10-06T22:35:24.376Z] Checked if tokens are valid: true, expires at: 1791329471676
[debug] [2026-10-06T22:35:24.376Z] Checked if tokens are valid: true, expires at: 1791329471676
[debug] [2026-10-06T22:35:24.376Z] >>> [apiv2][query] GET https://cloudresourcemanager.googleapis.com/v1/projects/speaksharp-3893c [none]
[debug] [2026-10-06T22:35:24.719Z] <<< [apiv2][status] GET https://cloudresourcemanager.googleapis.com/v1/projects/speaksharp-3893c 200
[debug] [2026-10-06T22:35:24.719Z] <<< [apiv2][body] GET https://cloudresourcemanager.googleapis.com/v1/projects/speaksharp-3893c {"projectNumber":"1024863582729","projectId":"speaksharp-3893c","lifecycleState":"ACTIVE","name":"SpeakSharp","labels":{"firebase":"enabled","firebase-core":"disabled"},"createTime":"2026-09-30T21:42:15.148Z","parent":{"type":"organization","id":"951307009619"}}
[info] i  functions: preparing codebase default for deployment 
[info] i  functions: ensuring required API cloudfunctions.googleapis.com is enabled... 
[info] i  functions: ensuring required API cloudbuild.googleapis.com is enabled... 
[info] i  artifactregistry: ensuring required API artifactregistry.googleapis.com is enabled... 
[debug] [2026-10-06T22:35:24.724Z] Checked if tokens are valid: true, expires at: 1791329471676
[debug] [2026-10-06T22:35:24.725Z] Checked if tokens are valid: true, expires at: 1791329471676
[debug] [2026-10-06T22:35:24.725Z] >>> [apiv2][query] GET https://firebase.googleapis.com/v1beta1/projects/speaksharp-3893c/adminSdkConfig [none]
[debug] [2026-10-06T22:35:26.608Z] <<< [apiv2][status] GET https://firebase.googleapis.com/v1beta1/projects/speaksharp-3893c/adminSdkConfig 200
[debug] [2026-10-06T22:35:26.608Z] <<< [apiv2][body] GET https://firebase.googleapis.com/v1beta1/projects/speaksharp-3893c/adminSdkConfig {"projectId":"speaksharp-3893c","storageBucket":"speaksharp-3893c.firebasestorage.app"}
[debug] [2026-10-06T22:35:26.609Z] Checked if tokens are valid: true, expires at: 1791329471676
[debug] [2026-10-06T22:35:26.609Z] Checked if tokens are valid: true, expires at: 1791329471676
[debug] [2026-10-06T22:35:26.609Z] >>> [apiv2][query] GET https://runtimeconfig.googleapis.com/v1beta1/projects/speaksharp-3893c/configs [none]
[debug] [2026-10-06T22:35:27.417Z] <<< [apiv2][status] GET https://runtimeconfig.googleapis.com/v1beta1/projects/speaksharp-3893c/configs 200
[debug] [2026-10-06T22:35:27.417Z] <<< [apiv2][body] GET https://runtimeconfig.googleapis.com/v1beta1/projects/speaksharp-3893c/configs {}
[debug] [2026-10-06T22:35:27.419Z] Validating nodejs source
[debug] [2026-10-06T22:35:29.209Z] > [functions] package.json contents: {
  "name": "speaksharp-functions",
  "private": true,
  "main": "index.js",
  "engines": {
    "node": "22"
  },
  "dependencies": {
    "firebase-admin": "^14.5.0",
    "firebase-functions": "^7.4.0",
    "speaksharp_app": "file:.."
  }
}
[debug] [2026-10-06T22:35:29.210Z] Building nodejs source
[info] i  functions: Loading and analyzing source code for codebase default to determine what to deploy 
[debug] [2026-10-06T22:35:29.212Z] Could not find functions.yaml. Must use http discovery
[debug] [2026-10-06T22:35:29.223Z] Found firebase-functions binary at 'C:\Users\armof\OneDrive\Documents\1UNIVERSITY\ASSIGNMENTS\SpeakSharp\SpeakSharp\functions\node_modules\.bin\firebase-functions'
[info] Serving at port 8304

[debug] [2026-10-06T22:35:32.227Z] Got response from /__/functions.yaml {"specVersion":"v1alpha1","endpoints":{"deleteSession":{"availableMemoryMb":256,"timeoutSeconds":120,"minInstances":null,"maxInstances":null,"ingressSettings":null,"concurrency":null,"serviceAccountEmail":null,"vpc":null,"platform":"gcfv2","region":["us-central1"],"labels":{},"callableTrigger":{},"entryPoint":"deleteSession"}},"extensions":{},"requiredAPIs":[]}
[debug] [2026-10-06T22:35:35.275Z] Checked if tokens are valid: true, expires at: 1791329471676
[debug] [2026-10-06T22:35:35.275Z] Checked if tokens are valid: true, expires at: 1791329471676
[debug] [2026-10-06T22:35:35.275Z] >>> [apiv2][query] GET https://cloudfunctions.googleapis.com/v1/projects/speaksharp-3893c/locations/-/functions [none]
[debug] [2026-10-06T22:35:36.223Z] <<< [apiv2][status] GET https://cloudfunctions.googleapis.com/v1/projects/speaksharp-3893c/locations/-/functions 200
[debug] [2026-10-06T22:35:36.223Z] <<< [apiv2][body] GET https://cloudfunctions.googleapis.com/v1/projects/speaksharp-3893c/locations/-/functions {}
[debug] [2026-10-06T22:35:36.224Z] Checked if tokens are valid: true, expires at: 1791329471676
[debug] [2026-10-06T22:35:36.224Z] Checked if tokens are valid: true, expires at: 1791329471676
[debug] [2026-10-06T22:35:36.224Z] >>> [apiv2][query] GET https://cloudfunctions.googleapis.com/v2/projects/speaksharp-3893c/locations/-/functions filter=environment%3D%22GEN_2%22
[debug] [2026-10-06T22:35:37.329Z] <<< [apiv2][status] GET https://cloudfunctions.googleapis.com/v2/projects/speaksharp-3893c/locations/-/functions 200
[debug] [2026-10-06T22:35:37.329Z] <<< [apiv2][body] GET https://cloudfunctions.googleapis.com/v2/projects/speaksharp-3893c/locations/-/functions {"functions":[{"name":"projects/speaksharp-3893c/locations/us-central1/functions/deleteSession","buildConfig":{"build":"projects/1024863582729/locations/us-central1/builds/4beede80-c228-4c71-a518-13833d78e4a4","runtime":"nodejs22","entryPoint":"deleteSession","source":{"storageSource":{"bucket":"gcf-v2-sources-1024863582729-us-central1","object":"deleteSession/function-source.zip","generation":"1791302724799902"}},"environmentVariables":{"GOOGLE_NODE_RUN_SCRIPTS":""},"dockerRepository":"projects/speaksharp-3893c/locations/us-central1/repositories/gcf-artifacts","sourceProvenance":{"resolvedStorageSource":{"bucket":"gcf-v2-sources-1024863582729-us-central1","object":"deleteSession/function-source.zip","generation":"1791302724799902"}},"dockerRegistry":"ARTIFACT_REGISTRY","serviceAccount":"projects/speaksharp-3893c/serviceAccounts/1024863582729-compute@developer.gserviceaccount.com","automaticUpdatePolicy":{}},"serviceConfig":{"service":"projects/speaksharp-3893c/locations/us-central1/services/deletesession","timeoutSeconds":120,"environmentVariables":{"FIREBASE_CONFIG":"{\"projectId\":\"speaksharp-3893c\",\"storageBucket\":\"speaksharp-3893c.firebasestorage.app\"}","GCLOUD_PROJECT":"speaksharp-3893c","EVENTARC_CLOUD_EVENT_SOURCE":"projects/speaksharp-3893c/locations/us-central1/services/deleteSession","FUNCTION_REGION":"us-central1","FUNCTION_TARGET":"deleteSession","LOG_EXECUTION_ID":"true"},"ingressSettings":"ALLOW_ALL","uri":"https://deletesession-4y3afqf33q-uc.a.run.app","serviceAccountEmail":"1024863582729-compute@developer.gserviceaccount.com","availableMemory":"256Mi","allTrafficOnLatestRevision":true,"revision":"deletesession-00001-ten","maxInstanceRequestConcurrency":80,"availableCpu":"1"},"state":"ACTIVE","updateTime":"2026-10-06T16:06:20.099938674Z","labels":{"deployment-callable":"true","firebase-functions-hash":"8c1fed718cf4135fd30d47ca39a193351ea78f88","deployment-tool":"cli-firebase"},"environment":"GEN_2","url":"https://us-central1-speaksharp-3893c.cloudfunctions.net/deleteSession","createTime":"2026-10-06T15:10:21.036813301Z","satisfiesPzi":true}]}
[info] i  extensions: ensuring required API firebaseextensions.googleapis.com is enabled... 
[debug] [2026-10-06T22:35:37.332Z] > command requires scopes: ["email","openid","https://www.googleapis.com/auth/cloudplatformprojects.readonly","https://www.googleapis.com/auth/firebase","https://www.googleapis.com/auth/cloud-platform"]
[debug] [2026-10-06T22:35:37.332Z] > authorizing via signed-in user (armoftk@gmail.com)
[debug] [2026-10-06T22:35:37.332Z] [iam] checking project speaksharp-3893c for permissions ["firebase.projects.get","firebaseextensions.instances.list"]
[debug] [2026-10-06T22:35:37.332Z] Checked if tokens are valid: true, expires at: 1791329471676
[debug] [2026-10-06T22:35:37.332Z] Checked if tokens are valid: true, expires at: 1791329471676
[debug] [2026-10-06T22:35:37.332Z] >>> [apiv2][query] POST https://cloudresourcemanager.googleapis.com/v1/projects/speaksharp-3893c:testIamPermissions [none]
[debug] [2026-10-06T22:35:37.332Z] >>> [apiv2][(partial)header] POST https://cloudresourcemanager.googleapis.com/v1/projects/speaksharp-3893c:testIamPermissions  x-goog-user-project=speaksharp-3893c
[debug] [2026-10-06T22:35:37.333Z] >>> [apiv2][body] POST https://cloudresourcemanager.googleapis.com/v1/projects/speaksharp-3893c:testIamPermissions {"permissions":["firebase.projects.get","firebaseextensions.instances.list"]}
[debug] [2026-10-06T22:35:38.956Z] <<< [apiv2][status] POST https://cloudresourcemanager.googleapis.com/v1/projects/speaksharp-3893c:testIamPermissions 200
[debug] [2026-10-06T22:35:38.956Z] <<< [apiv2][body] POST https://cloudresourcemanager.googleapis.com/v1/projects/speaksharp-3893c:testIamPermissions {"permissions":["firebase.projects.get","firebaseextensions.instances.list"]}
[debug] [2026-10-06T22:35:38.957Z] Checked if tokens are valid: true, expires at: 1791329471676
[debug] [2026-10-06T22:35:38.957Z] Checked if tokens are valid: true, expires at: 1791329471676
[debug] [2026-10-06T22:35:38.957Z] >>> [apiv2][query] GET https://firebaseextensions.googleapis.com/v1beta/projects/speaksharp-3893c/instances pageSize=100&pageToken=
[debug] [2026-10-06T22:35:40.896Z] <<< [apiv2][status] GET https://firebaseextensions.googleapis.com/v1beta/projects/speaksharp-3893c/instances 200
[debug] [2026-10-06T22:35:40.896Z] <<< [apiv2][body] GET https://firebaseextensions.googleapis.com/v1beta/projects/speaksharp-3893c/instances {}
[debug] [2026-10-06T22:35:40.897Z] Attempting to merge .env secret bindings {} into declared secrets...)}
[debug] [2026-10-06T22:35:40.897Z] deleteSession declared secrets: undefined
[info] i  functions: preparing functions directory for uploading... 
[info] i  functions: packaged C:\Users\armof\OneDrive\Documents\1UNIVERSITY\ASSIGNMENTS\SpeakSharp\SpeakSharp\functions (34.85 KB) for uploading 
[info] i  functions: ensuring required API run.googleapis.com is enabled... 
[info] i  functions: ensuring required API eventarc.googleapis.com is enabled... 
[info] i  functions: ensuring required API pubsub.googleapis.com is enabled... 
[info] i  functions: ensuring required API storage.googleapis.com is enabled... 
[info] i  functions: generating the service identity for pubsub.googleapis.com... 
[debug] [2026-10-06T22:35:40.951Z] Checked if tokens are valid: true, expires at: 1791329471676
[debug] [2026-10-06T22:35:40.951Z] Checked if tokens are valid: true, expires at: 1791329471676
[info] i  functions: generating the service identity for eventarc.googleapis.com... 
[debug] [2026-10-06T22:35:40.952Z] Checked if tokens are valid: true, expires at: 1791329471676
[debug] [2026-10-06T22:35:40.952Z] Checked if tokens are valid: true, expires at: 1791329471676
[debug] [2026-10-06T22:35:40.952Z] >>> [apiv2][query] POST https://serviceusage.googleapis.com/v1beta1/projects/1024863582729/services/pubsub.googleapis.com:generateServiceIdentity [none]
[debug] [2026-10-06T22:35:40.953Z] >>> [apiv2][(partial)header] POST https://serviceusage.googleapis.com/v1beta1/projects/1024863582729/services/pubsub.googleapis.com:generateServiceIdentity  x-goog-user-project=1024863582729
[debug] [2026-10-06T22:35:40.953Z] >>> [apiv2][body] POST https://serviceusage.googleapis.com/v1beta1/projects/1024863582729/services/pubsub.googleapis.com:generateServiceIdentity {}
[debug] [2026-10-06T22:35:40.954Z] >>> [apiv2][query] POST https://serviceusage.googleapis.com/v1beta1/projects/1024863582729/services/eventarc.googleapis.com:generateServiceIdentity [none]
[debug] [2026-10-06T22:35:40.954Z] >>> [apiv2][(partial)header] POST https://serviceusage.googleapis.com/v1beta1/projects/1024863582729/services/eventarc.googleapis.com:generateServiceIdentity  x-goog-user-project=1024863582729
[debug] [2026-10-06T22:35:40.954Z] >>> [apiv2][body] POST https://serviceusage.googleapis.com/v1beta1/projects/1024863582729/services/eventarc.googleapis.com:generateServiceIdentity {}
[debug] [2026-10-06T22:35:43.023Z] <<< [apiv2][status] POST https://serviceusage.googleapis.com/v1beta1/projects/1024863582729/services/eventarc.googleapis.com:generateServiceIdentity 200
[debug] [2026-10-06T22:35:43.023Z] <<< [apiv2][body] POST https://serviceusage.googleapis.com/v1beta1/projects/1024863582729/services/eventarc.googleapis.com:generateServiceIdentity {"name":"operations/finished.DONE_OPERATION","done":true,"response":{"@type":"type.googleapis.com/google.api.serviceusage.v1beta1.ServiceIdentity","email":"service-1024863582729@gcp-sa-eventarc.iam.gserviceaccount.com","uniqueId":"107062874408519657478"}}
[debug] [2026-10-06T22:35:43.082Z] <<< [apiv2][status] POST https://serviceusage.googleapis.com/v1beta1/projects/1024863582729/services/pubsub.googleapis.com:generateServiceIdentity 200
[debug] [2026-10-06T22:35:43.082Z] <<< [apiv2][body] POST https://serviceusage.googleapis.com/v1beta1/projects/1024863582729/services/pubsub.googleapis.com:generateServiceIdentity {"name":"operations/finished.DONE_OPERATION","done":true,"response":{"@type":"type.googleapis.com/google.api.serviceusage.v1beta1.ServiceIdentity","email":"service-1024863582729@gcp-sa-pubsub.iam.gserviceaccount.com","uniqueId":"110875218825445778476"}}
[debug] [2026-10-06T22:35:43.086Z] Checked if tokens are valid: true, expires at: 1791329471676
[debug] [2026-10-06T22:35:43.086Z] Checked if tokens are valid: true, expires at: 1791329471676
[debug] [2026-10-06T22:35:43.086Z] >>> [apiv2][query] GET https://cloudbilling.googleapis.com/v1/projects/speaksharp-3893c/billingInfo [none]
[debug] [2026-10-06T22:35:43.086Z] >>> [apiv2][(partial)header] GET https://cloudbilling.googleapis.com/v1/projects/speaksharp-3893c/billingInfo  x-goog-user-project=speaksharp-3893c
[debug] [2026-10-06T22:35:43.898Z] <<< [apiv2][status] GET https://cloudbilling.googleapis.com/v1/projects/speaksharp-3893c/billingInfo 200
[debug] [2026-10-06T22:35:43.899Z] <<< [apiv2][body] GET https://cloudbilling.googleapis.com/v1/projects/speaksharp-3893c/billingInfo {"name":"projects/speaksharp-3893c/billingInfo","projectId":"speaksharp-3893c","billingAccountName":"billingAccounts/017D38-8C98DC-740AA1","billingEnabled":true}
[debug] [2026-10-06T22:35:43.900Z] Checked if tokens are valid: true, expires at: 1791329471676
[debug] [2026-10-06T22:35:43.900Z] Checked if tokens are valid: true, expires at: 1791329471676
[debug] [2026-10-06T22:35:43.900Z] >>> [apiv2][query] POST https://cloudfunctions.googleapis.com/v2/projects/speaksharp-3893c/locations/us-central1/functions:generateUploadUrl [none]
[debug] [2026-10-06T22:35:45.095Z] <<< [apiv2][status] POST https://cloudfunctions.googleapis.com/v2/projects/speaksharp-3893c/locations/us-central1/functions:generateUploadUrl 200
[debug] [2026-10-06T22:35:45.096Z] <<< [apiv2][body] POST https://cloudfunctions.googleapis.com/v2/projects/speaksharp-3893c/locations/us-central1/functions:generateUploadUrl {"uploadUrl":"https://storage.googleapis.com/gcf-v2-uploads-1024863582729.us-central1.cloudfunctions.appspot.com/f3b32151-bebb-421c-98bf-c41339226f43.zip?GoogleAccessId=service-1024863582729@gcf-admin-robot.iam.gserviceaccount.com&Expires=1791327944&Signature=cEfqNouXFCXA7FglKuV0n8LnBWgmGfqWb3LavrcfqlW8nR5gKBBLSmbEN3ZDMSRSRpjSxCojR5U2at6IfKS8H4ygKD1tl0mnVRPT%2BOsrypfJOPludpRCSuYIJzJ%2Bgopt%2BiZPSG4DE8fCeRUGjsM8XSU%2BE8XTdavm%2FRLHHCLn94WOdb3i8IwlOjUPpkO1%2BY%2ByWvcDyvRSTLK4To3QNb6vsUYmjN1EdCNlQdLYU82x%2BjiGzdEUVD45xiGOy%2FHblALZGtnYlkytZSY%2BnaNKj5klijl92euV%2Fb%2FI5%2Fhx3pfQfaugOHyqfV36nQBsSkhPR3G2fnFJAFmUleJeWxag7GCJGQ%3D%3D","storageSource":{"bucket":"gcf-v2-uploads-1024863582729.us-central1.cloudfunctions.appspot.com","object":"f3b32151-bebb-421c-98bf-c41339226f43.zip"}}
[debug] [2026-10-06T22:35:45.096Z] >>> [apiv2][query] PUT https://storage.googleapis.com/gcf-v2-uploads-1024863582729.us-central1.cloudfunctions.appspot.com/f3b32151-bebb-421c-98bf-c41339226f43.zip GoogleAccessId=service-1024863582729%40gcf-admin-robot.iam.gserviceaccount.com&Expires=1791327944&Signature=cEfqNouXFCXA7FglKuV0n8LnBWgmGfqWb3LavrcfqlW8nR5gKBBLSmbEN3ZDMSRSRpjSxCojR5U2at6IfKS8H4ygKD1tl0mnVRPT%2BOsrypfJOPludpRCSuYIJzJ%2Bgopt%2BiZPSG4DE8fCeRUGjsM8XSU%2BE8XTdavm%2FRLHHCLn94WOdb3i8IwlOjUPpkO1%2BY%2ByWvcDyvRSTLK4To3QNb6vsUYmjN1EdCNlQdLYU82x%2BjiGzdEUVD45xiGOy%2FHblALZGtnYlkytZSY%2BnaNKj5klijl92euV%2Fb%2FI5%2Fhx3pfQfaugOHyqfV36nQBsSkhPR3G2fnFJAFmUleJeWxag7GCJGQ%3D%3D
[debug] [2026-10-06T22:35:45.097Z] >>> [apiv2][body] PUT https://storage.googleapis.com/gcf-v2-uploads-1024863582729.us-central1.cloudfunctions.appspot.com/f3b32151-bebb-421c-98bf-c41339226f43.zip [stream]
[debug] [2026-10-06T22:35:46.228Z] <<< [apiv2][status] PUT https://storage.googleapis.com/gcf-v2-uploads-1024863582729.us-central1.cloudfunctions.appspot.com/f3b32151-bebb-421c-98bf-c41339226f43.zip 200
[debug] [2026-10-06T22:35:46.228Z] <<< [apiv2][body] PUT https://storage.googleapis.com/gcf-v2-uploads-1024863582729.us-central1.cloudfunctions.appspot.com/f3b32151-bebb-421c-98bf-c41339226f43.zip [omitted]
[info] +  functions: functions source uploaded successfully 
[info] i  functions: updating Node.js 22 (2nd Gen) function deleteSession(us-central1)... 
[debug] [2026-10-06T22:35:46.234Z] Checked if tokens are valid: true, expires at: 1791329471676
[debug] [2026-10-06T22:35:46.234Z] Checked if tokens are valid: true, expires at: 1791329471676
[debug] [2026-10-06T22:35:46.234Z] >>> [apiv2][query] PATCH https://cloudfunctions.googleapis.com/v2/projects/speaksharp-3893c/locations/us-central1/functions/deleteSession updateMask=name%2CbuildConfig.runtime%2CbuildConfig.entryPoint%2CbuildConfig.source.storageSource.bucket%2CbuildConfig.source.storageSource.object%2CbuildConfig.environmentVariables%2CserviceConfig.environmentVariables%2CserviceConfig.ingressSettings%2CserviceConfig.timeoutSeconds%2CserviceConfig.serviceAccountEmail%2CserviceConfig.availableMemory%2CserviceConfig.minInstanceCount%2CserviceConfig.maxInstanceCount%2CserviceConfig.maxInstanceRequestConcurrency%2CserviceConfig.availableCpu%2CserviceConfig.vpcConnector%2CserviceConfig.vpcConnectorEgressSettings%2CserviceConfig.directVpcNetworkInterface%2CserviceConfig.directVpcEgress%2Clabels
[debug] [2026-10-06T22:35:46.234Z] >>> [apiv2][body] PATCH https://cloudfunctions.googleapis.com/v2/projects/speaksharp-3893c/locations/us-central1/functions/deleteSession {"name":"projects/speaksharp-3893c/locations/us-central1/functions/deleteSession","buildConfig":{"runtime":"nodejs22","entryPoint":"deleteSession","source":{"storageSource":{"bucket":"gcf-v2-uploads-1024863582729.us-central1.cloudfunctions.appspot.com","object":"f3b32151-bebb-421c-98bf-c41339226f43.zip"}},"environmentVariables":{"GOOGLE_NODE_RUN_SCRIPTS":""}},"serviceConfig":{"environmentVariables":{"FIREBASE_CONFIG":"{\"projectId\":\"speaksharp-3893c\",\"storageBucket\":\"speaksharp-3893c.firebasestorage.app\"}","GCLOUD_PROJECT":"speaksharp-3893c","EVENTARC_CLOUD_EVENT_SOURCE":"projects/speaksharp-3893c/locations/us-central1/services/deleteSession","FUNCTION_REGION":"us-central1","FUNCTION_TARGET":"deleteSession","LOG_EXECUTION_ID":"true"},"ingressSettings":null,"timeoutSeconds":120,"serviceAccountEmail":null,"availableMemory":"256Mi","minInstanceCount":null,"maxInstanceCount":null,"maxInstanceRequestConcurrency":80,"availableCpu":"1","vpcConnector":null,"vpcConnectorEgressSettings":null,"directVpcNetworkInterface":null,"directVpcEgress":null},"labels":{"deployment-tool":"cli-firebase","deployment-callable":"true","firebase-functions-hash":"bef83ecf99a38a58c4ad23b54054116308952414"}}
[debug] [2026-10-06T22:35:48.113Z] <<< [apiv2][status] PATCH https://cloudfunctions.googleapis.com/v2/projects/speaksharp-3893c/locations/us-central1/functions/deleteSession 200
[debug] [2026-10-06T22:35:48.113Z] <<< [apiv2][body] PATCH https://cloudfunctions.googleapis.com/v2/projects/speaksharp-3893c/locations/us-central1/functions/deleteSession {"name":"projects/speaksharp-3893c/locations/us-central1/operations/operation-1791326146768-65d339ea7acec-e1f23225-8044b629","metadata":{"@type":"type.googleapis.com/google.cloud.functions.v2.OperationMetadata","createTime":"2026-10-06T22:35:47.761189845Z","target":"projects/speaksharp-3893c/locations/us-central1/functions/deleteSession","verb":"update","cancelRequested":false,"apiVersion":"v2"},"done":false}
[debug] [2026-10-06T22:35:48.114Z] Checked if tokens are valid: true, expires at: 1791329471676
[debug] [2026-10-06T22:35:48.114Z] Checked if tokens are valid: true, expires at: 1791329471676
[debug] [2026-10-06T22:35:48.114Z] >>> [apiv2][query] GET https://cloudfunctions.googleapis.com/v2/projects/speaksharp-3893c/locations/us-central1/operations/operation-1791326146768-65d339ea7acec-e1f23225-8044b629 [none]
[debug] [2026-10-06T22:35:48.975Z] <<< [apiv2][status] GET https://cloudfunctions.googleapis.com/v2/projects/speaksharp-3893c/locations/us-central1/operations/operation-1791326146768-65d339ea7acec-e1f23225-8044b629 200
[debug] [2026-10-06T22:35:48.976Z] <<< [apiv2][body] GET https://cloudfunctions.googleapis.com/v2/projects/speaksharp-3893c/locations/us-central1/operations/operation-1791326146768-65d339ea7acec-e1f23225-8044b629 {"name":"projects/speaksharp-3893c/locations/us-central1/operations/operation-1791326146768-65d339ea7acec-e1f23225-8044b629","metadata":{"@type":"type.googleapis.com/google.cloud.functions.v2.OperationMetadata","createTime":"2026-10-06T22:35:47.761189845Z","target":"projects/speaksharp-3893c/locations/us-central1/functions/deleteSession","verb":"update","cancelRequested":false,"apiVersion":"v2","requestResource":{"@type":"type.googleapis.com/google.cloud.functions.v2.Function","name":"projects/speaksharp-3893c/locations/us-central1/functions/deleteSession","buildConfig":{"runtime":"nodejs22","entryPoint":"deleteSession","source":{"storageSource":{"bucket":"gcf-v2-sources-1024863582729-us-central1","object":"deleteSession/function-source.zip","generation":"1791326147710232"}},"environmentVariables":{"GOOGLE_NODE_RUN_SCRIPTS":""},"dockerRepository":"projects/speaksharp-3893c/locations/us-central1/repositories/gcf-artifacts","sourceProvenance":{"resolvedStorageSource":{"bucket":"gcf-v2-sources-1024863582729-us-central1","object":"deleteSession/function-source.zip","generation":"1791302724799902"}},"dockerRegistry":"ARTIFACT_REGISTRY","serviceAccount":"projects/speaksharp-3893c/serviceAccounts/1024863582729-compute@developer.gserviceaccount.com","automaticUpdatePolicy":{}},"serviceConfig":{"service":"projects/speaksharp-3893c/locations/us-central1/services/deletesession","timeoutSeconds":120,"environmentVariables":{"FIREBASE_CONFIG":"{\"projectId\":\"speaksharp-3893c\",\"storageBucket\":\"speaksharp-3893c.firebasestorage.app\"}","GCLOUD_PROJECT":"speaksharp-3893c","EVENTARC_CLOUD_EVENT_SOURCE":"projects/speaksharp-3893c/locations/us-central1/services/deleteSession","FUNCTION_REGION":"us-central1","FUNCTION_TARGET":"deleteSession","LOG_EXECUTION_ID":"true"},"ingressSettings":"ALLOW_ALL","uri":"https://deletesession-4y3afqf33q-uc.a.run.app","serviceAccountEmail":"1024863582729-compute@developer.gserviceaccount.com","availableMemory":"256Mi","allTrafficOnLatestRevision":true,"revision":"deletesession-00001-ten","maxInstanceRequestConcurrency":80,"availableCpu":"1"},"state":"ACTIVE","labels":{"deployment-tool":"cloudfunctions","deployment-callable":"true","firebase-functions-hash":"bef83ecf99a38a58c4ad23b54054116308952414"},"environment":"GEN_2","url":"https://us-central1-speaksharp-3893c.cloudfunctions.net/deleteSession","satisfiesPzi":true},"stages":[{"name":"BUILD","message":"Creating build","state":"IN_PROGRESS","resource":"projects/1024863582729/locations/us-central1/builds/da541371-62be-451a-a1c5-4d29a7ca6120","resourceUri":"https://console.cloud.google.com/cloud-build/builds;region=us-central1/da541371-62be-451a-a1c5-4d29a7ca6120?project=1024863582729"},{"name":"SERVICE","state":"NOT_STARTED"}],"operationType":"UPDATE_FUNCTION","buildName":"projects/1024863582729/locations/us-central1/builds/da541371-62be-451a-a1c5-4d29a7ca6120"},"done":false}
[debug] [2026-10-06T22:35:49.486Z] [update-default-us-central1-deleteSession] Retrying task index 0
[debug] [2026-10-06T22:35:49.486Z] Checked if tokens are valid: true, expires at: 1791329471676
[debug] [2026-10-06T22:35:49.487Z] Checked if tokens are valid: true, expires at: 1791329471676
[debug] [2026-10-06T22:35:49.487Z] >>> [apiv2][query] GET https://cloudfunctions.googleapis.com/v2/projects/speaksharp-3893c/locations/us-central1/operations/operation-1791326146768-65d339ea7acec-e1f23225-8044b629 [none]
[debug] [2026-10-06T22:35:50.353Z] <<< [apiv2][status] GET https://cloudfunctions.googleapis.com/v2/projects/speaksharp-3893c/locations/us-central1/operations/operation-1791326146768-65d339ea7acec-e1f23225-8044b629 200
[debug] [2026-10-06T22:35:50.353Z] <<< [apiv2][body] GET https://cloudfunctions.googleapis.com/v2/projects/speaksharp-3893c/locations/us-central1/operations/operation-1791326146768-65d339ea7acec-e1f23225-8044b629 {"name":"projects/speaksharp-3893c/locations/us-central1/operations/operation-1791326146768-65d339ea7acec-e1f23225-8044b629","metadata":{"@type":"type.googleapis.com/google.cloud.functions.v2.OperationMetadata","createTime":"2026-10-06T22:35:47.761189845Z","target":"projects/speaksharp-3893c/locations/us-central1/functions/deleteSession","verb":"update","cancelRequested":false,"apiVersion":"v2","requestResource":{"@type":"type.googleapis.com/google.cloud.functions.v2.Function","name":"projects/speaksharp-3893c/locations/us-central1/functions/deleteSession","buildConfig":{"runtime":"nodejs22","entryPoint":"deleteSession","source":{"storageSource":{"bucket":"gcf-v2-sources-1024863582729-us-central1","object":"deleteSession/function-source.zip","generation":"1791326147710232"}},"environmentVariables":{"GOOGLE_NODE_RUN_SCRIPTS":""},"dockerRepository":"projects/speaksharp-3893c/locations/us-central1/repositories/gcf-artifacts","sourceProvenance":{"resolvedStorageSource":{"bucket":"gcf-v2-sources-1024863582729-us-central1","object":"deleteSession/function-source.zip","generation":"1791302724799902"}},"dockerRegistry":"ARTIFACT_REGISTRY","serviceAccount":"projects/speaksharp-3893c/serviceAccounts/1024863582729-compute@developer.gserviceaccount.com","automaticUpdatePolicy":{}},"serviceConfig":{"service":"projects/speaksharp-3893c/locations/us-central1/services/deletesession","timeoutSeconds":120,"environmentVariables":{"FIREBASE_CONFIG":"{\"projectId\":\"speaksharp-3893c\",\"storageBucket\":\"speaksharp-3893c.firebasestorage.app\"}","GCLOUD_PROJECT":"speaksharp-3893c","EVENTARC_CLOUD_EVENT_SOURCE":"projects/speaksharp-3893c/locations/us-central1/services/deleteSession","FUNCTION_REGION":"us-central1","FUNCTION_TARGET":"deleteSession","LOG_EXECUTION_ID":"true"},"ingressSettings":"ALLOW_ALL","uri":"https://deletesession-4y3afqf33q-uc.a.run.app","serviceAccountEmail":"1024863582729-compute@developer.gserviceaccount.com","availableMemory":"256Mi","allTrafficOnLatestRevision":true,"revision":"deletesession-00001-ten","maxInstanceRequestConcurrency":80,"availableCpu":"1"},"state":"ACTIVE","labels":{"deployment-tool":"cloudfunctions","deployment-callable":"true","firebase-functions-hash":"bef83ecf99a38a58c4ad23b54054116308952414"},"environment":"GEN_2","url":"https://us-central1-speaksharp-3893c.cloudfunctions.net/deleteSession","satisfiesPzi":true},"stages":[{"name":"BUILD","message":"Build in progress","state":"IN_PROGRESS","resource":"projects/1024863582729/locations/us-central1/builds/da541371-62be-451a-a1c5-4d29a7ca6120","resourceUri":"https://console.cloud.google.com/cloud-build/builds;region=us-central1/da541371-62be-451a-a1c5-4d29a7ca6120?project=1024863582729"},{"name":"SERVICE","state":"NOT_STARTED"}],"operationType":"UPDATE_FUNCTION","buildName":"projects/1024863582729/locations/us-central1/builds/da541371-62be-451a-a1c5-4d29a7ca6120"},"done":false}
[debug] [2026-10-06T22:35:51.353Z] [update-default-us-central1-deleteSession] Retrying task index 0
[debug] [2026-10-06T22:35:51.354Z] Checked if tokens are valid: true, expires at: 1791329471676
[debug] [2026-10-06T22:35:51.354Z] Checked if tokens are valid: true, expires at: 1791329471676
[debug] [2026-10-06T22:35:51.356Z] >>> [apiv2][query] GET https://cloudfunctions.googleapis.com/v2/projects/speaksharp-3893c/locations/us-central1/operations/operation-1791326146768-65d339ea7acec-e1f23225-8044b629 [none]
[debug] [2026-10-06T22:35:52.186Z] <<< [apiv2][status] GET https://cloudfunctions.googleapis.com/v2/projects/speaksharp-3893c/locations/us-central1/operations/operation-1791326146768-65d339ea7acec-e1f23225-8044b629 200
[debug] [2026-10-06T22:35:52.186Z] <<< [apiv2][body] GET https://cloudfunctions.googleapis.com/v2/projects/speaksharp-3893c/locations/us-central1/operations/operation-1791326146768-65d339ea7acec-e1f23225-8044b629 {"name":"projects/speaksharp-3893c/locations/us-central1/operations/operation-1791326146768-65d339ea7acec-e1f23225-8044b629","metadata":{"@type":"type.googleapis.com/google.cloud.functions.v2.OperationMetadata","createTime":"2026-10-06T22:35:47.761189845Z","target":"projects/speaksharp-3893c/locations/us-central1/functions/deleteSession","verb":"update","cancelRequested":false,"apiVersion":"v2","requestResource":{"@type":"type.googleapis.com/google.cloud.functions.v2.Function","name":"projects/speaksharp-3893c/locations/us-central1/functions/deleteSession","buildConfig":{"runtime":"nodejs22","entryPoint":"deleteSession","source":{"storageSource":{"bucket":"gcf-v2-sources-1024863582729-us-central1","object":"deleteSession/function-source.zip","generation":"1791326147710232"}},"environmentVariables":{"GOOGLE_NODE_RUN_SCRIPTS":""},"dockerRepository":"projects/speaksharp-3893c/locations/us-central1/repositories/gcf-artifacts","sourceProvenance":{"resolvedStorageSource":{"bucket":"gcf-v2-sources-1024863582729-us-central1","object":"deleteSession/function-source.zip","generation":"1791302724799902"}},"dockerRegistry":"ARTIFACT_REGISTRY","serviceAccount":"projects/speaksharp-3893c/serviceAccounts/1024863582729-compute@developer.gserviceaccount.com","automaticUpdatePolicy":{}},"serviceConfig":{"service":"projects/speaksharp-3893c/locations/us-central1/services/deletesession","timeoutSeconds":120,"environmentVariables":{"FIREBASE_CONFIG":"{\"projectId\":\"speaksharp-3893c\",\"storageBucket\":\"speaksharp-3893c.firebasestorage.app\"}","GCLOUD_PROJECT":"speaksharp-3893c","EVENTARC_CLOUD_EVENT_SOURCE":"projects/speaksharp-3893c/locations/us-central1/services/deleteSession","FUNCTION_REGION":"us-central1","FUNCTION_TARGET":"deleteSession","LOG_EXECUTION_ID":"true"},"ingressSettings":"ALLOW_ALL","uri":"https://deletesession-4y3afqf33q-uc.a.run.app","serviceAccountEmail":"1024863582729-compute@developer.gserviceaccount.com","availableMemory":"256Mi","allTrafficOnLatestRevision":true,"revision":"deletesession-00001-ten","maxInstanceRequestConcurrency":80,"availableCpu":"1"},"state":"ACTIVE","labels":{"deployment-tool":"cloudfunctions","deployment-callable":"true","firebase-functions-hash":"bef83ecf99a38a58c4ad23b54054116308952414"},"environment":"GEN_2","url":"https://us-central1-speaksharp-3893c.cloudfunctions.net/deleteSession","satisfiesPzi":true},"stages":[{"name":"BUILD","message":"Build in progress","state":"IN_PROGRESS","resource":"projects/1024863582729/locations/us-central1/builds/da541371-62be-451a-a1c5-4d29a7ca6120","resourceUri":"https://console.cloud.google.com/cloud-build/builds;region=us-central1/da541371-62be-451a-a1c5-4d29a7ca6120?project=1024863582729"},{"name":"SERVICE","state":"NOT_STARTED"}],"operationType":"UPDATE_FUNCTION","buildName":"projects/1024863582729/locations/us-central1/builds/da541371-62be-451a-a1c5-4d29a7ca6120"},"done":false}
[debug] [2026-10-06T22:35:54.192Z] [update-default-us-central1-deleteSession] Retrying task index 0
[debug] [2026-10-06T22:35:54.210Z] Checked if tokens are valid: true, expires at: 1791329471676
[debug] [2026-10-06T22:35:54.210Z] Checked if tokens are valid: true, expires at: 1791329471676
[debug] [2026-10-06T22:35:54.211Z] >>> [apiv2][query] GET https://cloudfunctions.googleapis.com/v2/projects/speaksharp-3893c/locations/us-central1/operations/operation-1791326146768-65d339ea7acec-e1f23225-8044b629 [none]
[debug] [2026-10-06T22:35:55.054Z] <<< [apiv2][status] GET https://cloudfunctions.googleapis.com/v2/projects/speaksharp-3893c/locations/us-central1/operations/operation-1791326146768-65d339ea7acec-e1f23225-8044b629 200
[debug] [2026-10-06T22:35:55.054Z] <<< [apiv2][body] GET https://cloudfunctions.googleapis.com/v2/projects/speaksharp-3893c/locations/us-central1/operations/operation-1791326146768-65d339ea7acec-e1f23225-8044b629 {"name":"projects/speaksharp-3893c/locations/us-central1/operations/operation-1791326146768-65d339ea7acec-e1f23225-8044b629","metadata":{"@type":"type.googleapis.com/google.cloud.functions.v2.OperationMetadata","createTime":"2026-10-06T22:35:47.761189845Z","target":"projects/speaksharp-3893c/locations/us-central1/functions/deleteSession","verb":"update","cancelRequested":false,"apiVersion":"v2","requestResource":{"@type":"type.googleapis.com/google.cloud.functions.v2.Function","name":"projects/speaksharp-3893c/locations/us-central1/functions/deleteSession","buildConfig":{"runtime":"nodejs22","entryPoint":"deleteSession","source":{"storageSource":{"bucket":"gcf-v2-sources-1024863582729-us-central1","object":"deleteSession/function-source.zip","generation":"1791326147710232"}},"environmentVariables":{"GOOGLE_NODE_RUN_SCRIPTS":""},"dockerRepository":"projects/speaksharp-3893c/locations/us-central1/repositories/gcf-artifacts","sourceProvenance":{"resolvedStorageSource":{"bucket":"gcf-v2-sources-1024863582729-us-central1","object":"deleteSession/function-source.zip","generation":"1791302724799902"}},"dockerRegistry":"ARTIFACT_REGISTRY","serviceAccount":"projects/speaksharp-3893c/serviceAccounts/1024863582729-compute@developer.gserviceaccount.com","automaticUpdatePolicy":{}},"serviceConfig":{"service":"projects/speaksharp-3893c/locations/us-central1/services/deletesession","timeoutSeconds":120,"environmentVariables":{"FIREBASE_CONFIG":"{\"projectId\":\"speaksharp-3893c\",\"storageBucket\":\"speaksharp-3893c.firebasestorage.app\"}","GCLOUD_PROJECT":"speaksharp-3893c","EVENTARC_CLOUD_EVENT_SOURCE":"projects/speaksharp-3893c/locations/us-central1/services/deleteSession","FUNCTION_REGION":"us-central1","FUNCTION_TARGET":"deleteSession","LOG_EXECUTION_ID":"true"},"ingressSettings":"ALLOW_ALL","uri":"https://deletesession-4y3afqf33q-uc.a.run.app","serviceAccountEmail":"1024863582729-compute@developer.gserviceaccount.com","availableMemory":"256Mi","allTrafficOnLatestRevision":true,"revision":"deletesession-00001-ten","maxInstanceRequestConcurrency":80,"availableCpu":"1"},"state":"ACTIVE","labels":{"deployment-tool":"cloudfunctions","deployment-callable":"true","firebase-functions-hash":"bef83ecf99a38a58c4ad23b54054116308952414"},"environment":"GEN_2","url":"https://us-central1-speaksharp-3893c.cloudfunctions.net/deleteSession","satisfiesPzi":true},"stages":[{"name":"BUILD","message":"Build in progress","state":"IN_PROGRESS","resource":"projects/1024863582729/locations/us-central1/builds/da541371-62be-451a-a1c5-4d29a7ca6120","resourceUri":"https://console.cloud.google.com/cloud-build/builds;region=us-central1/da541371-62be-451a-a1c5-4d29a7ca6120?project=1024863582729"},{"name":"SERVICE","state":"NOT_STARTED"}],"operationType":"UPDATE_FUNCTION","buildName":"projects/1024863582729/locations/us-central1/builds/da541371-62be-451a-a1c5-4d29a7ca6120"},"done":false}
[debug] [2026-10-06T22:35:59.051Z] [update-default-us-central1-deleteSession] Retrying task index 0
[debug] [2026-10-06T22:35:59.052Z] Checked if tokens are valid: true, expires at: 1791329471676
[debug] [2026-10-06T22:35:59.052Z] Checked if tokens are valid: true, expires at: 1791329471676
[debug] [2026-10-06T22:35:59.053Z] >>> [apiv2][query] GET https://cloudfunctions.googleapis.com/v2/projects/speaksharp-3893c/locations/us-central1/operations/operation-1791326146768-65d339ea7acec-e1f23225-8044b629 [none]
[debug] [2026-10-06T22:35:59.595Z] <<< [apiv2][status] GET https://cloudfunctions.googleapis.com/v2/projects/speaksharp-3893c/locations/us-central1/operations/operation-1791326146768-65d339ea7acec-e1f23225-8044b629 200
[debug] [2026-10-06T22:35:59.595Z] <<< [apiv2][body] GET https://cloudfunctions.googleapis.com/v2/projects/speaksharp-3893c/locations/us-central1/operations/operation-1791326146768-65d339ea7acec-e1f23225-8044b629 {"name":"projects/speaksharp-3893c/locations/us-central1/operations/operation-1791326146768-65d339ea7acec-e1f23225-8044b629","metadata":{"@type":"type.googleapis.com/google.cloud.functions.v2.OperationMetadata","createTime":"2026-10-06T22:35:47.761189845Z","target":"projects/speaksharp-3893c/locations/us-central1/functions/deleteSession","verb":"update","cancelRequested":false,"apiVersion":"v2","requestResource":{"@type":"type.googleapis.com/google.cloud.functions.v2.Function","name":"projects/speaksharp-3893c/locations/us-central1/functions/deleteSession","buildConfig":{"runtime":"nodejs22","entryPoint":"deleteSession","source":{"storageSource":{"bucket":"gcf-v2-sources-1024863582729-us-central1","object":"deleteSession/function-source.zip","generation":"1791326147710232"}},"environmentVariables":{"GOOGLE_NODE_RUN_SCRIPTS":""},"dockerRepository":"projects/speaksharp-3893c/locations/us-central1/repositories/gcf-artifacts","sourceProvenance":{"resolvedStorageSource":{"bucket":"gcf-v2-sources-1024863582729-us-central1","object":"deleteSession/function-source.zip","generation":"1791302724799902"}},"dockerRegistry":"ARTIFACT_REGISTRY","serviceAccount":"projects/speaksharp-3893c/serviceAccounts/1024863582729-compute@developer.gserviceaccount.com","automaticUpdatePolicy":{}},"serviceConfig":{"service":"projects/speaksharp-3893c/locations/us-central1/services/deletesession","timeoutSeconds":120,"environmentVariables":{"FIREBASE_CONFIG":"{\"projectId\":\"speaksharp-3893c\",\"storageBucket\":\"speaksharp-3893c.firebasestorage.app\"}","GCLOUD_PROJECT":"speaksharp-3893c","EVENTARC_CLOUD_EVENT_SOURCE":"projects/speaksharp-3893c/locations/us-central1/services/deleteSession","FUNCTION_REGION":"us-central1","FUNCTION_TARGET":"deleteSession","LOG_EXECUTION_ID":"true"},"ingressSettings":"ALLOW_ALL","uri":"https://deletesession-4y3afqf33q-uc.a.run.app","serviceAccountEmail":"1024863582729-compute@developer.gserviceaccount.com","availableMemory":"256Mi","allTrafficOnLatestRevision":true,"revision":"deletesession-00001-ten","maxInstanceRequestConcurrency":80,"availableCpu":"1"},"state":"ACTIVE","labels":{"deployment-tool":"cloudfunctions","deployment-callable":"true","firebase-functions-hash":"bef83ecf99a38a58c4ad23b54054116308952414"},"environment":"GEN_2","url":"https://us-central1-speaksharp-3893c.cloudfunctions.net/deleteSession","satisfiesPzi":true},"stages":[{"name":"BUILD","message":"Build in progress","state":"IN_PROGRESS","resource":"projects/1024863582729/locations/us-central1/builds/da541371-62be-451a-a1c5-4d29a7ca6120","resourceUri":"https://console.cloud.google.com/cloud-build/builds;region=us-central1/da541371-62be-451a-a1c5-4d29a7ca6120?project=1024863582729"},{"name":"SERVICE","state":"NOT_STARTED"}],"operationType":"UPDATE_FUNCTION","buildName":"projects/1024863582729/locations/us-central1/builds/da541371-62be-451a-a1c5-4d29a7ca6120"},"done":false}
[debug] [2026-10-06T22:36:07.599Z] [update-default-us-central1-deleteSession] Retrying task index 0
[debug] [2026-10-06T22:36:07.599Z] Checked if tokens are valid: true, expires at: 1791329471676
[debug] [2026-10-06T22:36:07.600Z] Checked if tokens are valid: true, expires at: 1791329471676
[debug] [2026-10-06T22:36:07.600Z] >>> [apiv2][query] GET https://cloudfunctions.googleapis.com/v2/projects/speaksharp-3893c/locations/us-central1/operations/operation-1791326146768-65d339ea7acec-e1f23225-8044b629 [none]
[debug] [2026-10-06T22:36:08.186Z] <<< [apiv2][status] GET https://cloudfunctions.googleapis.com/v2/projects/speaksharp-3893c/locations/us-central1/operations/operation-1791326146768-65d339ea7acec-e1f23225-8044b629 200
[debug] [2026-10-06T22:36:08.186Z] <<< [apiv2][body] GET https://cloudfunctions.googleapis.com/v2/projects/speaksharp-3893c/locations/us-central1/operations/operation-1791326146768-65d339ea7acec-e1f23225-8044b629 {"name":"projects/speaksharp-3893c/locations/us-central1/operations/operation-1791326146768-65d339ea7acec-e1f23225-8044b629","metadata":{"@type":"type.googleapis.com/google.cloud.functions.v2.OperationMetadata","createTime":"2026-10-06T22:35:47.761189845Z","target":"projects/speaksharp-3893c/locations/us-central1/functions/deleteSession","verb":"update","cancelRequested":false,"apiVersion":"v2","requestResource":{"@type":"type.googleapis.com/google.cloud.functions.v2.Function","name":"projects/speaksharp-3893c/locations/us-central1/functions/deleteSession","buildConfig":{"runtime":"nodejs22","entryPoint":"deleteSession","source":{"storageSource":{"bucket":"gcf-v2-sources-1024863582729-us-central1","object":"deleteSession/function-source.zip","generation":"1791326147710232"}},"environmentVariables":{"GOOGLE_NODE_RUN_SCRIPTS":""},"dockerRepository":"projects/speaksharp-3893c/locations/us-central1/repositories/gcf-artifacts","sourceProvenance":{"resolvedStorageSource":{"bucket":"gcf-v2-sources-1024863582729-us-central1","object":"deleteSession/function-source.zip","generation":"1791302724799902"}},"dockerRegistry":"ARTIFACT_REGISTRY","serviceAccount":"projects/speaksharp-3893c/serviceAccounts/1024863582729-compute@developer.gserviceaccount.com","automaticUpdatePolicy":{}},"serviceConfig":{"service":"projects/speaksharp-3893c/locations/us-central1/services/deletesession","timeoutSeconds":120,"environmentVariables":{"FIREBASE_CONFIG":"{\"projectId\":\"speaksharp-3893c\",\"storageBucket\":\"speaksharp-3893c.firebasestorage.app\"}","GCLOUD_PROJECT":"speaksharp-3893c","EVENTARC_CLOUD_EVENT_SOURCE":"projects/speaksharp-3893c/locations/us-central1/services/deleteSession","FUNCTION_REGION":"us-central1","FUNCTION_TARGET":"deleteSession","LOG_EXECUTION_ID":"true"},"ingressSettings":"ALLOW_ALL","uri":"https://deletesession-4y3afqf33q-uc.a.run.app","serviceAccountEmail":"1024863582729-compute@developer.gserviceaccount.com","availableMemory":"256Mi","allTrafficOnLatestRevision":true,"revision":"deletesession-00001-ten","maxInstanceRequestConcurrency":80,"availableCpu":"1"},"state":"ACTIVE","labels":{"deployment-tool":"cloudfunctions","deployment-callable":"true","firebase-functions-hash":"bef83ecf99a38a58c4ad23b54054116308952414"},"environment":"GEN_2","url":"https://us-central1-speaksharp-3893c.cloudfunctions.net/deleteSession","satisfiesPzi":true},"stages":[{"name":"BUILD","message":"Build in progress","state":"IN_PROGRESS","resource":"projects/1024863582729/locations/us-central1/builds/da541371-62be-451a-a1c5-4d29a7ca6120","resourceUri":"https://console.cloud.google.com/cloud-build/builds;region=us-central1/da541371-62be-451a-a1c5-4d29a7ca6120?project=1024863582729"},{"name":"SERVICE","state":"NOT_STARTED"}],"operationType":"UPDATE_FUNCTION","buildName":"projects/1024863582729/locations/us-central1/builds/da541371-62be-451a-a1c5-4d29a7ca6120"},"done":false}
[debug] [2026-10-06T22:36:18.198Z] [update-default-us-central1-deleteSession] Retrying task index 0
[debug] [2026-10-06T22:36:18.198Z] Checked if tokens are valid: true, expires at: 1791329471676
[debug] [2026-10-06T22:36:18.199Z] Checked if tokens are valid: true, expires at: 1791329471676
[debug] [2026-10-06T22:36:18.199Z] >>> [apiv2][query] GET https://cloudfunctions.googleapis.com/v2/projects/speaksharp-3893c/locations/us-central1/operations/operation-1791326146768-65d339ea7acec-e1f23225-8044b629 [none]
[debug] [2026-10-06T22:36:18.988Z] <<< [apiv2][status] GET https://cloudfunctions.googleapis.com/v2/projects/speaksharp-3893c/locations/us-central1/operations/operation-1791326146768-65d339ea7acec-e1f23225-8044b629 200
[debug] [2026-10-06T22:36:18.988Z] <<< [apiv2][body] GET https://cloudfunctions.googleapis.com/v2/projects/speaksharp-3893c/locations/us-central1/operations/operation-1791326146768-65d339ea7acec-e1f23225-8044b629 {"name":"projects/speaksharp-3893c/locations/us-central1/operations/operation-1791326146768-65d339ea7acec-e1f23225-8044b629","metadata":{"@type":"type.googleapis.com/google.cloud.functions.v2.OperationMetadata","createTime":"2026-10-06T22:35:47.761189845Z","target":"projects/speaksharp-3893c/locations/us-central1/functions/deleteSession","verb":"update","cancelRequested":false,"apiVersion":"v2","requestResource":{"@type":"type.googleapis.com/google.cloud.functions.v2.Function","name":"projects/speaksharp-3893c/locations/us-central1/functions/deleteSession","buildConfig":{"runtime":"nodejs22","entryPoint":"deleteSession","source":{"storageSource":{"bucket":"gcf-v2-sources-1024863582729-us-central1","object":"deleteSession/function-source.zip","generation":"1791326147710232"}},"environmentVariables":{"GOOGLE_NODE_RUN_SCRIPTS":""},"dockerRepository":"projects/speaksharp-3893c/locations/us-central1/repositories/gcf-artifacts","sourceProvenance":{"resolvedStorageSource":{"bucket":"gcf-v2-sources-1024863582729-us-central1","object":"deleteSession/function-source.zip","generation":"1791302724799902"}},"dockerRegistry":"ARTIFACT_REGISTRY","serviceAccount":"projects/speaksharp-3893c/serviceAccounts/1024863582729-compute@developer.gserviceaccount.com","automaticUpdatePolicy":{}},"serviceConfig":{"service":"projects/speaksharp-3893c/locations/us-central1/services/deletesession","timeoutSeconds":120,"environmentVariables":{"FIREBASE_CONFIG":"{\"projectId\":\"speaksharp-3893c\",\"storageBucket\":\"speaksharp-3893c.firebasestorage.app\"}","GCLOUD_PROJECT":"speaksharp-3893c","EVENTARC_CLOUD_EVENT_SOURCE":"projects/speaksharp-3893c/locations/us-central1/services/deleteSession","FUNCTION_REGION":"us-central1","FUNCTION_TARGET":"deleteSession","LOG_EXECUTION_ID":"true"},"ingressSettings":"ALLOW_ALL","uri":"https://deletesession-4y3afqf33q-uc.a.run.app","serviceAccountEmail":"1024863582729-compute@developer.gserviceaccount.com","availableMemory":"256Mi","allTrafficOnLatestRevision":true,"revision":"deletesession-00001-ten","maxInstanceRequestConcurrency":80,"availableCpu":"1"},"state":"ACTIVE","labels":{"deployment-tool":"cloudfunctions","deployment-callable":"true","firebase-functions-hash":"bef83ecf99a38a58c4ad23b54054116308952414"},"environment":"GEN_2","url":"https://us-central1-speaksharp-3893c.cloudfunctions.net/deleteSession","satisfiesPzi":true},"stages":[{"name":"BUILD","message":"Build in progress","state":"IN_PROGRESS","resource":"projects/1024863582729/locations/us-central1/builds/da541371-62be-451a-a1c5-4d29a7ca6120","resourceUri":"https://console.cloud.google.com/cloud-build/builds;region=us-central1/da541371-62be-451a-a1c5-4d29a7ca6120?project=1024863582729"},{"name":"SERVICE","state":"NOT_STARTED"}],"operationType":"UPDATE_FUNCTION","buildName":"projects/1024863582729/locations/us-central1/builds/da541371-62be-451a-a1c5-4d29a7ca6120"},"done":false}
[debug] [2026-10-06T22:36:28.998Z] [update-default-us-central1-deleteSession] Retrying task index 0
[debug] [2026-10-06T22:36:28.998Z] Checked if tokens are valid: true, expires at: 1791329471676
[debug] [2026-10-06T22:36:28.999Z] Checked if tokens are valid: true, expires at: 1791329471676
[debug] [2026-10-06T22:36:28.999Z] >>> [apiv2][query] GET https://cloudfunctions.googleapis.com/v2/projects/speaksharp-3893c/locations/us-central1/operations/operation-1791326146768-65d339ea7acec-e1f23225-8044b629 [none]
[debug] [2026-10-06T22:36:30.036Z] <<< [apiv2][status] GET https://cloudfunctions.googleapis.com/v2/projects/speaksharp-3893c/locations/us-central1/operations/operation-1791326146768-65d339ea7acec-e1f23225-8044b629 200
[debug] [2026-10-06T22:36:30.037Z] <<< [apiv2][body] GET https://cloudfunctions.googleapis.com/v2/projects/speaksharp-3893c/locations/us-central1/operations/operation-1791326146768-65d339ea7acec-e1f23225-8044b629 {"name":"projects/speaksharp-3893c/locations/us-central1/operations/operation-1791326146768-65d339ea7acec-e1f23225-8044b629","metadata":{"@type":"type.googleapis.com/google.cloud.functions.v2.OperationMetadata","createTime":"2026-10-06T22:35:47.761189845Z","target":"projects/speaksharp-3893c/locations/us-central1/functions/deleteSession","verb":"update","cancelRequested":false,"apiVersion":"v2","requestResource":{"@type":"type.googleapis.com/google.cloud.functions.v2.Function","name":"projects/speaksharp-3893c/locations/us-central1/functions/deleteSession","buildConfig":{"runtime":"nodejs22","entryPoint":"deleteSession","source":{"storageSource":{"bucket":"gcf-v2-sources-1024863582729-us-central1","object":"deleteSession/function-source.zip","generation":"1791326147710232"}},"environmentVariables":{"GOOGLE_NODE_RUN_SCRIPTS":""},"dockerRepository":"projects/speaksharp-3893c/locations/us-central1/repositories/gcf-artifacts","sourceProvenance":{"resolvedStorageSource":{"bucket":"gcf-v2-sources-1024863582729-us-central1","object":"deleteSession/function-source.zip","generation":"1791302724799902"}},"dockerRegistry":"ARTIFACT_REGISTRY","serviceAccount":"projects/speaksharp-3893c/serviceAccounts/1024863582729-compute@developer.gserviceaccount.com","automaticUpdatePolicy":{}},"serviceConfig":{"service":"projects/speaksharp-3893c/locations/us-central1/services/deletesession","timeoutSeconds":120,"environmentVariables":{"FIREBASE_CONFIG":"{\"projectId\":\"speaksharp-3893c\",\"storageBucket\":\"speaksharp-3893c.firebasestorage.app\"}","GCLOUD_PROJECT":"speaksharp-3893c","EVENTARC_CLOUD_EVENT_SOURCE":"projects/speaksharp-3893c/locations/us-central1/services/deleteSession","FUNCTION_REGION":"us-central1","FUNCTION_TARGET":"deleteSession","LOG_EXECUTION_ID":"true"},"ingressSettings":"ALLOW_ALL","uri":"https://deletesession-4y3afqf33q-uc.a.run.app","serviceAccountEmail":"1024863582729-compute@developer.gserviceaccount.com","availableMemory":"256Mi","allTrafficOnLatestRevision":true,"revision":"deletesession-00001-ten","maxInstanceRequestConcurrency":80,"availableCpu":"1"},"state":"ACTIVE","labels":{"deployment-tool":"cloudfunctions","deployment-callable":"true","firebase-functions-hash":"bef83ecf99a38a58c4ad23b54054116308952414"},"environment":"GEN_2","url":"https://us-central1-speaksharp-3893c.cloudfunctions.net/deleteSession","satisfiesPzi":true},"stages":[{"name":"BUILD","message":"Build finished","state":"COMPLETE","resource":"projects/1024863582729/locations/us-central1/builds/da541371-62be-451a-a1c5-4d29a7ca6120","resourceUri":"https://console.cloud.google.com/cloud-build/builds;region=us-central1/da541371-62be-451a-a1c5-4d29a7ca6120?project=1024863582729"},{"name":"SERVICE","message":"Updating Cloud Run service","state":"IN_PROGRESS","resource":"projects/speaksharp-3893c/locations/us-central1/services/deletesession","resourceUri":"https://console.cloud.google.com/run/detail/us-central1/deletesession?project=speaksharp-3893c","stateMessages":[{"severity":"INFO","type":"CloudRunServiceNewRevisionTrafficInfo","message":"A new revision will be deployed serving with 100% traffic."}]}],"sourceToken":"Clhwcm9qZWN0cy8xMDI0ODYzNTgyNzI5L2xvY2F0aW9ucy91cy1jZW50cmFsMS9idWlsZHMvZGE1NDEzNzEtNjJiZS00NTFhLWExYzUtNGQyOWE3Y2E2MTIwEnN1cy1jZW50cmFsMS1kb2NrZXIucGtnLmRldi9zcGVha3NoYXJwLTM4OTNjL2djZi1hcnRpZmFjdHMvc3BlYWtzaGFycC0tMzg5M2NfX3VzLS1jZW50cmFsMV9fZGVsZXRlX3Nlc3Npb246dmVyc2lvbl8xGIn0hPXpHSJHcHJvamVjdHMvc3BlYWtzaGFycC0zODkzYy9sb2NhdGlvbnMvdXMtY2VudHJhbDEvZnVuY3Rpb25zL2RlbGV0ZVNlc3Npb24qCwjo75XWBhDYkpxOMghub2RlanMyMjp2CiNnY3IuaW8vZ2FlLXJ1bnRpbWVzL25vZGVqczIyOnN0YWJsZRJPdXMtY2VudHJhbDEtZG9ja2VyLnBrZy5kZXYvc2VydmVybGVzcy1ydW50aW1lcy9nb29nbGUtMjItZnVsbC9ydW50aW1lcy9ub2RlanMyMkAB","operationType":"UPDATE_FUNCTION","buildName":"projects/1024863582729/locations/us-central1/builds/da541371-62be-451a-a1c5-4d29a7ca6120"},"done":false}
[debug] [2026-10-06T22:36:30.037Z] Got source token Clhwcm9qZWN0cy8xMDI0ODYzNTgyNzI5L2xvY2F0aW9ucy91cy1jZW50cmFsMS9idWlsZHMvZGE1NDEzNzEtNjJiZS00NTFhLWExYzUtNGQyOWE3Y2E2MTIwEnN1cy1jZW50cmFsMS1kb2NrZXIucGtnLmRldi9zcGVha3NoYXJwLTM4OTNjL2djZi1hcnRpZmFjdHMvc3BlYWtzaGFycC0tMzg5M2NfX3VzLS1jZW50cmFsMV9fZGVsZXRlX3Nlc3Npb246dmVyc2lvbl8xGIn0hPXpHSJHcHJvamVjdHMvc3BlYWtzaGFycC0zODkzYy9sb2NhdGlvbnMvdXMtY2VudHJhbDEvZnVuY3Rpb25zL2RlbGV0ZVNlc3Npb24qCwjo75XWBhDYkpxOMghub2RlanMyMjp2CiNnY3IuaW8vZ2FlLXJ1bnRpbWVzL25vZGVqczIyOnN0YWJsZRJPdXMtY2VudHJhbDEtZG9ja2VyLnBrZy5kZXYvc2VydmVybGVzcy1ydW50aW1lcy9nb29nbGUtMjItZnVsbC9ydW50aW1lcy9ub2RlanMyMkAB for region us-central1
[debug] [2026-10-06T22:36:40.048Z] [update-default-us-central1-deleteSession] Retrying task index 0
[debug] [2026-10-06T22:36:40.048Z] Checked if tokens are valid: true, expires at: 1791329471676
[debug] [2026-10-06T22:36:40.049Z] Checked if tokens are valid: true, expires at: 1791329471676
[debug] [2026-10-06T22:36:40.050Z] >>> [apiv2][query] GET https://cloudfunctions.googleapis.com/v2/projects/speaksharp-3893c/locations/us-central1/operations/operation-1791326146768-65d339ea7acec-e1f23225-8044b629 [none]
[debug] [2026-10-06T22:36:41.114Z] <<< [apiv2][status] GET https://cloudfunctions.googleapis.com/v2/projects/speaksharp-3893c/locations/us-central1/operations/operation-1791326146768-65d339ea7acec-e1f23225-8044b629 200
[debug] [2026-10-06T22:36:41.114Z] <<< [apiv2][body] GET https://cloudfunctions.googleapis.com/v2/projects/speaksharp-3893c/locations/us-central1/operations/operation-1791326146768-65d339ea7acec-e1f23225-8044b629 {"name":"projects/speaksharp-3893c/locations/us-central1/operations/operation-1791326146768-65d339ea7acec-e1f23225-8044b629","metadata":{"@type":"type.googleapis.com/google.cloud.functions.v2.OperationMetadata","createTime":"2026-10-06T22:35:47.761189845Z","endTime":"2026-10-06T22:36:34.403435729Z","target":"projects/speaksharp-3893c/locations/us-central1/functions/deleteSession","verb":"update","cancelRequested":false,"apiVersion":"v2","requestResource":{"@type":"type.googleapis.com/google.cloud.functions.v2.Function","name":"projects/speaksharp-3893c/locations/us-central1/functions/deleteSession","buildConfig":{"runtime":"nodejs22","entryPoint":"deleteSession","source":{"storageSource":{"bucket":"gcf-v2-sources-1024863582729-us-central1","object":"deleteSession/function-source.zip","generation":"1791326147710232"}},"environmentVariables":{"GOOGLE_NODE_RUN_SCRIPTS":""},"dockerRepository":"projects/speaksharp-3893c/locations/us-central1/repositories/gcf-artifacts","sourceProvenance":{"resolvedStorageSource":{"bucket":"gcf-v2-sources-1024863582729-us-central1","object":"deleteSession/function-source.zip","generation":"1791302724799902"}},"dockerRegistry":"ARTIFACT_REGISTRY","serviceAccount":"projects/speaksharp-3893c/serviceAccounts/1024863582729-compute@developer.gserviceaccount.com","automaticUpdatePolicy":{}},"serviceConfig":{"service":"projects/speaksharp-3893c/locations/us-central1/services/deletesession","timeoutSeconds":120,"environmentVariables":{"FIREBASE_CONFIG":"{\"projectId\":\"speaksharp-3893c\",\"storageBucket\":\"speaksharp-3893c.firebasestorage.app\"}","GCLOUD_PROJECT":"speaksharp-3893c","EVENTARC_CLOUD_EVENT_SOURCE":"projects/speaksharp-3893c/locations/us-central1/services/deleteSession","FUNCTION_REGION":"us-central1","FUNCTION_TARGET":"deleteSession","LOG_EXECUTION_ID":"true"},"ingressSettings":"ALLOW_ALL","uri":"https://deletesession-4y3afqf33q-uc.a.run.app","serviceAccountEmail":"1024863582729-compute@developer.gserviceaccount.com","availableMemory":"256Mi","allTrafficOnLatestRevision":true,"revision":"deletesession-00001-ten","maxInstanceRequestConcurrency":80,"availableCpu":"1"},"state":"ACTIVE","labels":{"deployment-tool":"cloudfunctions","deployment-callable":"true","firebase-functions-hash":"bef83ecf99a38a58c4ad23b54054116308952414"},"environment":"GEN_2","url":"https://us-central1-speaksharp-3893c.cloudfunctions.net/deleteSession","satisfiesPzi":true},"stages":[{"name":"BUILD","message":"Build finished","state":"COMPLETE","resource":"projects/1024863582729/locations/us-central1/builds/da541371-62be-451a-a1c5-4d29a7ca6120","resourceUri":"https://console.cloud.google.com/cloud-build/builds;region=us-central1/da541371-62be-451a-a1c5-4d29a7ca6120?project=1024863582729"},{"name":"SERVICE","message":"Updating Cloud Run service","state":"COMPLETE","resource":"projects/speaksharp-3893c/locations/us-central1/services/deletesession","resourceUri":"https://console.cloud.google.com/run/detail/us-central1/deletesession?project=speaksharp-3893c","stateMessages":[{"severity":"INFO","type":"CloudRunServiceNewRevisionTrafficInfo","message":"A new revision will be deployed serving with 100% traffic."}]}],"sourceToken":"Clhwcm9qZWN0cy8xMDI0ODYzNTgyNzI5L2xvY2F0aW9ucy91cy1jZW50cmFsMS9idWlsZHMvZGE1NDEzNzEtNjJiZS00NTFhLWExYzUtNGQyOWE3Y2E2MTIwEnN1cy1jZW50cmFsMS1kb2NrZXIucGtnLmRldi9zcGVha3NoYXJwLTM4OTNjL2djZi1hcnRpZmFjdHMvc3BlYWtzaGFycC0tMzg5M2NfX3VzLS1jZW50cmFsMV9fZGVsZXRlX3Nlc3Npb246dmVyc2lvbl8xGIn0hPXpHSJHcHJvamVjdHMvc3BlYWtzaGFycC0zODkzYy9sb2NhdGlvbnMvdXMtY2VudHJhbDEvZnVuY3Rpb25zL2RlbGV0ZVNlc3Npb24qCwjo75XWBhDYkpxOMghub2RlanMyMjp2CiNnY3IuaW8vZ2FlLXJ1bnRpbWVzL25vZGVqczIyOnN0YWJsZRJPdXMtY2VudHJhbDEtZG9ja2VyLnBrZy5kZXYvc2VydmVybGVzcy1ydW50aW1lcy9nb29nbGUtMjItZnVsbC9ydW50aW1lcy9ub2RlanMyMkAB","operationType":"UPDATE_FUNCTION","buildName":"projects/1024863582729/locations/us-central1/builds/da541371-62be-451a-a1c5-4d29a7ca6120"},"done":true,"response":{"@type":"type.googleapis.com/google.cloud.functions.v2.Function","name":"projects/speaksharp-3893c/locations/us-central1/functions/deleteSession","buildConfig":{"build":"projects/1024863582729/locations/us-central1/builds/da541371-62be-451a-a1c5-4d29a7ca6120","runtime":"nodejs22","entryPoint":"deleteSession","source":{"storageSource":{"bucket":"gcf-v2-sources-1024863582729-us-central1","object":"deleteSession/function-source.zip","generation":"1791326147710232"}},"environmentVariables":{"GOOGLE_NODE_RUN_SCRIPTS":""},"dockerRepository":"projects/speaksharp-3893c/locations/us-central1/repositories/gcf-artifacts","sourceProvenance":{"resolvedStorageSource":{"bucket":"gcf-v2-sources-1024863582729-us-central1","object":"deleteSession/function-source.zip","generation":"1791326147710232"}},"dockerRegistry":"ARTIFACT_REGISTRY","serviceAccount":"projects/speaksharp-3893c/serviceAccounts/1024863582729-compute@developer.gserviceaccount.com","automaticUpdatePolicy":{}},"serviceConfig":{"service":"projects/speaksharp-3893c/locations/us-central1/services/deletesession","timeoutSeconds":120,"environmentVariables":{"FIREBASE_CONFIG":"{\"projectId\":\"speaksharp-3893c\",\"storageBucket\":\"speaksharp-3893c.firebasestorage.app\"}","GCLOUD_PROJECT":"speaksharp-3893c","EVENTARC_CLOUD_EVENT_SOURCE":"projects/speaksharp-3893c/locations/us-central1/services/deleteSession","FUNCTION_REGION":"us-central1","FUNCTION_TARGET":"deleteSession","LOG_EXECUTION_ID":"true"},"maxInstanceCount":20,"ingressSettings":"ALLOW_ALL","uri":"https://deletesession-4y3afqf33q-uc.a.run.app","serviceAccountEmail":"1024863582729-compute@developer.gserviceaccount.com","availableMemory":"256Mi","allTrafficOnLatestRevision":true,"revision":"deletesession-00002-lal","maxInstanceRequestConcurrency":80,"availableCpu":"1"},"state":"ACTIVE","updateTime":"2026-10-06T22:35:47.763649120Z","labels":{"deployment-tool":"cli-firebase","deployment-callable":"true","firebase-functions-hash":"bef83ecf99a38a58c4ad23b54054116308952414"},"environment":"GEN_2","url":"https://us-central1-speaksharp-3893c.cloudfunctions.net/deleteSession","createTime":"2026-10-06T15:10:21.036813301Z","satisfiesPzi":true}}
[debug] [2026-10-06T22:36:41.114Z] Got source token Clhwcm9qZWN0cy8xMDI0ODYzNTgyNzI5L2xvY2F0aW9ucy91cy1jZW50cmFsMS9idWlsZHMvZGE1NDEzNzEtNjJiZS00NTFhLWExYzUtNGQyOWE3Y2E2MTIwEnN1cy1jZW50cmFsMS1kb2NrZXIucGtnLmRldi9zcGVha3NoYXJwLTM4OTNjL2djZi1hcnRpZmFjdHMvc3BlYWtzaGFycC0tMzg5M2NfX3VzLS1jZW50cmFsMV9fZGVsZXRlX3Nlc3Npb246dmVyc2lvbl8xGIn0hPXpHSJHcHJvamVjdHMvc3BlYWtzaGFycC0zODkzYy9sb2NhdGlvbnMvdXMtY2VudHJhbDEvZnVuY3Rpb25zL2RlbGV0ZVNlc3Npb24qCwjo75XWBhDYkpxOMghub2RlanMyMjp2CiNnY3IuaW8vZ2FlLXJ1bnRpbWVzL25vZGVqczIyOnN0YWJsZRJPdXMtY2VudHJhbDEtZG9ja2VyLnBrZy5kZXYvc2VydmVybGVzcy1ydW50aW1lcy9nb29nbGUtMjItZnVsbC9ydW50aW1lcy9ub2RlanMyMkAB for region us-central1
[info] +  functions[deleteSession(us-central1)] Successful update operation. 
[debug] [2026-10-06T22:36:41.123Z] Total Function Deployment time: 54887
[debug] [2026-10-06T22:36:41.123Z] 1 Functions Deployed
[debug] [2026-10-06T22:36:41.123Z] 0 Functions Errored
[debug] [2026-10-06T22:36:41.123Z] 0 Function Deployments Aborted
[debug] [2026-10-06T22:36:41.123Z] Average Function Deployment time: 54886
[debug] [2026-10-06T22:36:41.337Z] Checked if tokens are valid: true, expires at: 1791329471676
[debug] [2026-10-06T22:36:41.337Z] Checked if tokens are valid: true, expires at: 1791329471676
[debug] [2026-10-06T22:36:41.337Z] >>> [apiv2][query] GET https://artifactregistry.googleapis.com/v1/projects/speaksharp-3893c/locations/us-central1/repositories/gcf-artifacts [none]
[debug] [2026-10-06T22:36:42.725Z] <<< [apiv2][status] GET https://artifactregistry.googleapis.com/v1/projects/speaksharp-3893c/locations/us-central1/repositories/gcf-artifacts 200
[debug] [2026-10-06T22:36:42.725Z] <<< [apiv2][body] GET https://artifactregistry.googleapis.com/v1/projects/speaksharp-3893c/locations/us-central1/repositories/gcf-artifacts {"name":"projects/speaksharp-3893c/locations/us-central1/repositories/gcf-artifacts","format":"DOCKER","description":"This repository is created and used by Cloud Functions for storing function docker images.","labels":{"goog-managed-by":"cloudfunctions"},"createTime":"2026-10-06T15:10:35.151907Z","updateTime":"2026-10-06T22:36:15.239345Z","mode":"STANDARD_REPOSITORY","cleanupPolicies":{"firebase-functions-cleanup":{"id":"firebase-functions-cleanup","action":"DELETE","condition":{"tagState":"ANY","olderThan":"432000s"}}},"sizeBytes":"130162786","vulnerabilityScanningConfig":{"lastEnableTime":"2026-10-06T15:10:21.337006863Z","enablementState":"SCANNING_DISABLED","enablementStateReason":"API containerscanning.googleapis.com is not enabled."},"satisfiesPzi":true,"registryUri":"us-central1-docker.pkg.dev/speaksharp-3893c/gcf-artifacts"}
[info] 
[info] +  Deploy complete! 
[info] 
[info] Project Console: https://console.firebase.google.com/project/speaksharp-3893c/overview
